// Jest Snapshot v1, https://goo.gl/fbAQLP

exports[`CharacterItem should render correctly 1`] = `
<View
  accessible={true}
  collapsable={false}
  focusable={true}
  onBlur={[Function]}
  onClick={[Function]}
  onFocus={[Function]}
  onResponderGrant={[Function]}
  onResponderMove={[Function]}
  onResponderRelease={[Function]}
  onResponderTerminate={[Function]}
  onResponderTerminationRequest={[Function]}
  onStartShouldSetResponder={[Function]}
  style={
    {
      "alignItems": "center",
      "borderBottomWidth": 1,
      "flexDirection": "row",
      "justifyContent": "space-between",
      "padding": 10,
    }
  }
>
  <Text>
    CharacterName
  </Text>
  <Image
    source={
      {
        "uri": "https://static.wikia.nocookie.net/disney/images/8/80/Profile_-_627.png",
      }
    }
    style={
      {
        "borderRadius": 50,
        "height": 100,
        "resizeMode": "stretch",
        "width": 100,
      }
    }
  />
</View>
`;
