// Jest Snapshot v1, https://goo.gl/fbAQLP

exports[`SearchBar should render correctly 1`] = `
<View>
  <TextInput
    onChangeText={[Function]}
    placeholder="Search"
    style={
      {
        "borderWidth": 1,
        "padding": 10,
      }
    }
  />
</View>
`;
